stm32f7xx_hal_msp.c:67:6:HAL_MspInit	8	static
stm32f7xx_hal_msp.c:89:6:HAL_I2C_MspInit	40	static
stm32f7xx_hal_msp.c:125:6:HAL_I2C_MspDeInit	8	static
stm32f7xx_hal_msp.c:156:6:HAL_RTC_MspInit	8	static
stm32f7xx_hal_msp.c:181:6:HAL_RTC_MspDeInit	8	static
stm32f7xx_hal_msp.c:206:6:HAL_UART_MspInit	40	static
stm32f7xx_hal_msp.c:282:6:HAL_UART_MspDeInit	8	static
stm32f7xx_hal_msp.c:312:6:HAL_TIM_Base_MspInit	16	static
stm32f7xx_hal_msp.c:345:6:HAL_TIM_MspPostInit	32	static
stm32f7xx_hal_msp.c:372:6:HAL_TIM_Base_MspDeInit	8	static
